// Jest Snapshot v1, https://goo.gl/fbAQLP

exports[`Header should render header correctly 1`] = `
<a
  aria-current="page"
  class="rockets active"
  href="/"
  style="text-decoration: underline;"
>
  Rockets
</a>
`;

exports[`Header should render header correctly 2`] = `
<a
  class="missions"
  href="/missionspage"
>
  Missions
</a>
`;
